Exercise 6-8.h:12:6:display7SEG	16	static
Exercise 6-8.h:118:6:update7SEG	16	static
Exercise 6-8.h:151:6:updateClockBuffer	4	static
Exercise 6-8.h:163:6:setTimer0	16	static
Exercise 6-8.h:168:6:setTimer1	16	static
Exercise 6-8.h:173:6:timer_run	4	static
Exercise 6-8.h:184:6:HAL_TIM_PeriodElapsedCallback	16	static
main.c:71:5:main	8	static
main.c:117:6:SystemClock_Config	72	static
main.c:153:13:MX_TIM2_Init	32	static
main.c:198:13:MX_GPIO_Init	32	static
main.c:242:6:Error_Handler	4	static,ignoring_inline_asm
